{
    "Should run without failures without batch column": {
        "content": [
            [
                "versions.yml:md5,c546ef8ddb5673ef5f14e733d02de1d1"
            ],
            "test_decontx.h5ad"
        ],
        "meta": {
            "nf-test": "0.9.2",
            "nextflow": "25.04.6"
        },
        "timestamp": "2026-01-10T14:01:12.972105721"
    },
    "Should run without failures without raw - single batch": {
        "content": [
            [
                "versions.yml:md5,c546ef8ddb5673ef5f14e733d02de1d1"
            ],
            "test_decontx.h5ad"
        ],
        "meta": {
            "nf-test": "0.9.2",
            "nextflow": "25.04.6"
        },
        "timestamp": "2025-07-13T21:45:05.085755826"
    },
    "Should run without failures with raw": {
        "content": [
            [
                "versions.yml:md5,c546ef8ddb5673ef5f14e733d02de1d1"
            ],
            true,
            14717780
        ],
        "meta": {
            "nf-test": "0.9.2",
            "nextflow": "25.04.6"
        },
        "timestamp": "2025-08-31T13:29:55.8622939"
    },
    "Should run without failures with raw - stub": {
        "content": [
            {
                "0": [
                    [
                        {
                            "id": "test"
                        },
                        "test_decontx.h5ad:md5,d41d8cd98f00b204e9800998ecf8427e"
                    ]
                ],
                "1": [
                    "versions.yml:md5,d41d8cd98f00b204e9800998ecf8427e"
                ],
                "h5ad": [
                    [
                        {
                            "id": "test"
                        },
                        "test_decontx.h5ad:md5,d41d8cd98f00b204e9800998ecf8427e"
                    ]
                ],
                "versions": [
                    "versions.yml:md5,d41d8cd98f00b204e9800998ecf8427e"
                ]
            }
        ],
        "meta": {
            "nf-test": "0.9.0",
            "nextflow": "25.04.2"
        },
        "timestamp": "2025-06-04T16:57:29.758824525"
    },
    "Should run without failures without raw - multi-batch": {
        "content": [
            [
                "versions.yml:md5,c546ef8ddb5673ef5f14e733d02de1d1"
            ],
            true
        ],
        "meta": {
            "nf-test": "0.9.2",
            "nextflow": "25.04.2"
        },
        "timestamp": "2025-06-07T11:32:01.363438724"
    },
    "Should run without failures without raw - stub": {
        "content": [
            {
                "0": [
                    [
                        {
                            "id": "test"
                        },
                        "test_decontx.h5ad:md5,d41d8cd98f00b204e9800998ecf8427e"
                    ]
                ],
                "1": [
                    "versions.yml:md5,d41d8cd98f00b204e9800998ecf8427e"
                ],
                "h5ad": [
                    [
                        {
                            "id": "test"
                        },
                        "test_decontx.h5ad:md5,d41d8cd98f00b204e9800998ecf8427e"
                    ]
                ],
                "versions": [
                    "versions.yml:md5,d41d8cd98f00b204e9800998ecf8427e"
                ]
            }
        ],
        "meta": {
            "nf-test": "0.9.0",
            "nextflow": "25.04.2"
        },
        "timestamp": "2025-06-04T16:56:16.349565714"
    }
}
